--------------------------------------------------------------------------------
Release 9.2i Trace 
Copyright (c) 1995-2007 Xilinx, Inc.  All rights reserved.

C:\Xilinx92i\bin\nt\trce.exe -ise
C:/Users/alain/Desktop/ECE/ING2/Electronique/vhdl/git/git.ise -intstyle ise -e
3 -s 4 -xml principal principal.ncd -o principal.twr principal.pcf -ucf
principal.ucf

Design file:              principal.ncd
Physical constraint file: principal.pcf
Device,package,speed:     xc3s100e,cp132,-4 (PRODUCTION 1.26 2007-04-13)
Report level:             error report

Environment Variable      Effect 
--------------------      ------ 
NONE                      No environment variables were set
--------------------------------------------------------------------------------

INFO:Timing:2698 - No timing constraints found, doing default enumeration.
INFO:Timing:2752 - To get complete path coverage, use the unconstrained paths 
   option. All paths that are not constrained will be reported in the 
   unconstrained paths section(s) of the report.
INFO:Timing:3339 - The clock-to-out numbers in this timing report are based on 
   a 50 Ohm transmission line loading model.  For the details of this model, 
   and for more information on accounting for different loading conditions, 
   please see the device datasheet.



Data Sheet report:
-----------------
All values displayed in nanoseconds (ns)

Clock switch<1> to Pad
------------+------------+------------------+--------+
            | clk (edge) |                  | Clock  |
Destination |   to PAD   |Internal Clock(s) | Phase  |
------------+------------+------------------+--------+
an<0>       |    9.980(F)|an_not0001        |   0.000|
an<1>       |    9.901(F)|an_not0001        |   0.000|
an<2>       |    9.912(F)|an_not0001        |   0.000|
an<3>       |    9.901(F)|an_not0001        |   0.000|
------------+------------+------------------+--------+

Clock to Setup on destination clock button<0>
---------------+---------+---------+---------+---------+
               | Src:Rise| Src:Fall| Src:Rise| Src:Fall|
Source Clock   |Dest:Rise|Dest:Rise|Dest:Fall|Dest:Fall|
---------------+---------+---------+---------+---------+
button<0>      |    5.071|         |         |         |
button<1>      |    5.071|         |         |         |
button<2>      |    4.729|         |         |         |
button<3>      |    4.729|         |         |         |
switch<0>      |    5.071|         |         |         |
switch<1>      |    5.071|         |         |         |
---------------+---------+---------+---------+---------+

Clock to Setup on destination clock button<1>
---------------+---------+---------+---------+---------+
               | Src:Rise| Src:Fall| Src:Rise| Src:Fall|
Source Clock   |Dest:Rise|Dest:Rise|Dest:Fall|Dest:Fall|
---------------+---------+---------+---------+---------+
button<0>      |    5.071|         |         |         |
button<1>      |    5.071|         |         |         |
button<2>      |    4.729|         |         |         |
button<3>      |    4.729|         |         |         |
switch<0>      |    5.071|         |         |         |
switch<1>      |    5.071|         |         |         |
---------------+---------+---------+---------+---------+

Clock to Setup on destination clock button<2>
---------------+---------+---------+---------+---------+
               | Src:Rise| Src:Fall| Src:Rise| Src:Fall|
Source Clock   |Dest:Rise|Dest:Rise|Dest:Fall|Dest:Fall|
---------------+---------+---------+---------+---------+
button<0>      |    4.729|         |         |         |
button<1>      |    4.729|         |         |         |
button<2>      |    4.845|         |         |         |
button<3>      |    4.845|    0.765|         |         |
switch<0>      |    4.845|         |         |         |
switch<1>      |    4.845|   -0.468|         |         |
---------------+---------+---------+---------+---------+

Clock to Setup on destination clock button<3>
---------------+---------+---------+---------+---------+
               | Src:Rise| Src:Fall| Src:Rise| Src:Fall|
Source Clock   |Dest:Rise|Dest:Rise|Dest:Fall|Dest:Fall|
---------------+---------+---------+---------+---------+
button<0>      |    4.729|         |         |         |
button<1>      |    4.729|         |         |         |
button<2>      |    4.845|         |         |         |
button<3>      |    4.845|         |         |         |
switch<0>      |    4.845|         |         |         |
switch<1>      |    4.845|         |         |         |
---------------+---------+---------+---------+---------+

Clock to Setup on destination clock clk1
---------------+---------+---------+---------+---------+
               | Src:Rise| Src:Fall| Src:Rise| Src:Fall|
Source Clock   |Dest:Rise|Dest:Rise|Dest:Fall|Dest:Fall|
---------------+---------+---------+---------+---------+
clk1           |    5.534|         |         |         |
---------------+---------+---------+---------+---------+

Clock to Setup on destination clock switch<0>
---------------+---------+---------+---------+---------+
               | Src:Rise| Src:Fall| Src:Rise| Src:Fall|
Source Clock   |Dest:Rise|Dest:Rise|Dest:Fall|Dest:Fall|
---------------+---------+---------+---------+---------+
button<0>      |    5.071|         |         |         |
button<1>      |    5.071|         |         |         |
button<2>      |    4.845|         |         |         |
button<3>      |    4.845|         |         |         |
switch<0>      |    5.071|         |         |         |
switch<1>      |    5.071|         |         |         |
---------------+---------+---------+---------+---------+

Clock to Setup on destination clock switch<1>
---------------+---------+---------+---------+---------+
               | Src:Rise| Src:Fall| Src:Rise| Src:Fall|
Source Clock   |Dest:Rise|Dest:Rise|Dest:Fall|Dest:Fall|
---------------+---------+---------+---------+---------+
button<0>      |    5.071|         |         |         |
button<1>      |    5.071|         |         |         |
button<2>      |    4.845|         |         |         |
button<3>      |    4.845|    1.156|         |    8.628|
clk1           |         |         |    6.649|         |
switch<0>      |    5.071|         |         |         |
switch<1>      |    5.071|   -0.077|    1.849|    8.628|
---------------+---------+---------+---------+---------+

Pad to Pad
---------------+---------------+---------+
Source Pad     |Destination Pad|  Delay  |
---------------+---------------+---------+
switch<0>      |bin<0>         |    5.221|
switch<1>      |bin<1>         |    6.966|
switch<2>      |bin<2>         |    5.656|
switch<3>      |bin<3>         |    7.253|
switch<4>      |bin<4>         |    6.208|
switch<5>      |bin<5>         |    6.143|
switch<6>      |bin<6>         |    6.574|
switch<7>      |bin<7>         |    6.410|
---------------+---------------+---------+


Analysis completed Sun Mar 13 20:24:59 2016 
--------------------------------------------------------------------------------

Trace Settings:
-------------------------
Trace Settings 

Peak Memory Usage: 123 MB



