Release 9.2i - xst J.36
Copyright (c) 1995-2007 Xilinx, Inc.  All rights reserved.
--> Parameter TMPDIR set to ./xst/projnav.tmp
CPU : 0.00 / 0.08 s | Elapsed : 0.00 / 0.00 s
 
--> Parameter xsthdpdir set to ./xst
CPU : 0.00 / 0.08 s | Elapsed : 0.00 / 0.00 s
 
--> Reading design: principal.prj

TABLE OF CONTENTS
  1) Synthesis Options Summary
  2) HDL Compilation
  3) Design Hierarchy Analysis
  4) HDL Analysis
  5) HDL Synthesis
     5.1) HDL Synthesis Report
  6) Advanced HDL Synthesis
     6.1) Advanced HDL Synthesis Report
  7) Low Level Synthesis
  8) Partition Report
  9) Final Report
     9.1) Device utilization summary
     9.2) Partition Resource Summary
     9.3) TIMING REPORT


=========================================================================
*                      Synthesis Options Summary                        *
=========================================================================
---- Source Parameters
Input File Name                    : "principal.prj"
Input Format                       : mixed
Ignore Synthesis Constraint File   : NO

---- Target Parameters
Output File Name                   : "principal"
Output Format                      : NGC
Target Device                      : xc3s100e-4-cp132

---- Source Options
Top Module Name                    : principal
Automatic FSM Extraction           : YES
FSM Encoding Algorithm             : Auto
Safe Implementation                : No
FSM Style                          : lut
RAM Extraction                     : Yes
RAM Style                          : Auto
ROM Extraction                     : Yes
Mux Style                          : Auto
Decoder Extraction                 : YES
Priority Encoder Extraction        : YES
Shift Register Extraction          : YES
Logical Shifter Extraction         : YES
XOR Collapsing                     : YES
ROM Style                          : Auto
Mux Extraction                     : YES
Resource Sharing                   : YES
Asynchronous To Synchronous        : NO
Multiplier Style                   : auto
Automatic Register Balancing       : No

---- Target Options
Add IO Buffers                     : YES
Global Maximum Fanout              : 500
Add Generic Clock Buffer(BUFG)     : 24
Register Duplication               : YES
Slice Packing                      : YES
Optimize Instantiated Primitives   : NO
Use Clock Enable                   : Yes
Use Synchronous Set                : Yes
Use Synchronous Reset              : Yes
Pack IO Registers into IOBs        : auto
Equivalent register Removal        : YES

---- General Options
Optimization Goal                  : Speed
Optimization Effort                : 1
Library Search Order               : principal.lso
Keep Hierarchy                     : NO
RTL Output                         : Yes
Global Optimization                : AllClockNets
Read Cores                         : YES
Write Timing Constraints           : NO
Cross Clock Analysis               : NO
Hierarchy Separator                : /
Bus Delimiter                      : <>
Case Specifier                     : maintain
Slice Utilization Ratio            : 100
BRAM Utilization Ratio             : 100
Verilog 2001                       : YES
Auto BRAM Packing                  : NO
Slice Utilization Ratio Delta      : 5

=========================================================================


=========================================================================
*                          HDL Compilation                              *
=========================================================================
Compiling vhdl file "C:/Users/alain/Desktop/ECE/ING2/Electronique/vhdl/git/principal.vhd" in Library work.
Entity <principal> compiled.
Entity <principal> (Architecture <behavioral>) compiled.

=========================================================================
*                     Design Hierarchy Analysis                         *
=========================================================================
Analyzing hierarchy for entity <principal> in library <work> (architecture <behavioral>).


=========================================================================
*                            HDL Analysis                               *
=========================================================================
Analyzing Entity <principal> in library <work> (Architecture <behavioral>).
WARNING:Xst:819 - "C:/Users/alain/Desktop/ECE/ING2/Electronique/vhdl/git/principal.vhd" line 80: The following signals are missing in the process sensitivity list:
   cadran.
WARNING:Xst:819 - "C:/Users/alain/Desktop/ECE/ING2/Electronique/vhdl/git/principal.vhd" line 267: The following signals are missing in the process sensitivity list:
   toggle, modif.
Entity <principal> analyzed. Unit <principal> generated.


=========================================================================
*                           HDL Synthesis                               *
=========================================================================

Performing bidirectional port resolution...

Synthesizing Unit <principal>.
    Related source file is "C:/Users/alain/Desktop/ECE/ING2/Electronique/vhdl/git/principal.vhd".
WARNING:Xst:737 - Found 1-bit latch for signal <toggle>.
WARNING:Xst:737 - Found 4-bit latch for signal <modif>.
WARNING:Xst:2734 - Property "use_dsp48" is not applicable for this technology.
WARNING:Xst:2734 - Property "use_dsp48" is not applicable for this technology.
    Found 16x7-bit ROM for signal <led$mux0000> created at line 93.
WARNING:Xst:737 - Found 4-bit latch for signal <an>.
INFO:Xst:2371 - HDL ADVISOR - Logic functions respectively driving the data and gate enable inputs of this latch share common terms. This situation will potentially lead to setup/hold violations and, as a result, to simulation problems. This situation may come from an incomplete case statement (all selector values are not covered). You should carefully review if it was in your intentions to describe such a latch.
WARNING:Xst:737 - Found 7-bit latch for signal <led>.
INFO:Xst:2371 - HDL ADVISOR - Logic functions respectively driving the data and gate enable inputs of this latch share common terms. This situation will potentially lead to setup/hold violations and, as a result, to simulation problems. This situation may come from an incomplete case statement (all selector values are not covered). You should carefully review if it was in your intentions to describe such a latch.
WARNING:Xst:737 - Found 4-bit latch for signal <hex>.
INFO:Xst:2371 - HDL ADVISOR - Logic functions respectively driving the data and gate enable inputs of this latch share common terms. This situation will potentially lead to setup/hold violations and, as a result, to simulation problems. This situation may come from an incomplete case statement (all selector values are not covered). You should carefully review if it was in your intentions to describe such a latch.
    Found 3-bit up counter for signal <cadran>.
    Found 1-bit register for signal <clk>.
    Found 32-bit up counter for signal <count1>.
    Found 32-bit up counter for signal <count2>.
    Found 3-bit register for signal <dhour>.
    Found 3-bit adder for signal <dhour$addsub0000> created at line 318.
    Found 3-bit register for signal <dmin>.
    Found 3-bit adder for signal <dmin$addsub0000> created at line 296.
    Found 3-bit register for signal <dsec>.
    Found 3-bit adder for signal <dsec$addsub0000> created at line 333.
    Found 4-bit adder for signal <mux0000$share0000> created at line 300.
    Found 1-bit register for signal <out_clk>.
    Found 4-bit up counter for signal <uhour>.
    Found 4-bit register for signal <umin>.
    Found 4-bit adder for signal <umin$addsub0000> created at line 289.
    Found 4-bit register for signal <usec>.
    Found 4-bit adder for signal <usec$addsub0000> created at line 326.
    Summary:
	inferred   1 ROM(s).
	inferred   4 Counter(s).
	inferred  19 D-type flip-flop(s).
	inferred   6 Adder/Subtractor(s).
Unit <principal> synthesized.

INFO:Xst:1767 - HDL ADVISOR - Resource sharing has identified that some arithmetic operations in this design can share the same physical resources for reduced device utilization. For improved clock frequency you may try to disable resource sharing.

=========================================================================
HDL Synthesis Report

Macro Statistics
# ROMs                                                 : 1
 16x7-bit ROM                                          : 1
# Adders/Subtractors                                   : 6
 3-bit adder                                           : 3
 4-bit adder                                           : 3
# Counters                                             : 4
 3-bit up counter                                      : 1
 32-bit up counter                                     : 2
 4-bit up counter                                      : 1
# Registers                                            : 19
 1-bit register                                        : 19
# Latches                                              : 5
 1-bit latch                                           : 1
 4-bit latch                                           : 3
 7-bit latch                                           : 1

=========================================================================

=========================================================================
*                       Advanced HDL Synthesis                          *
=========================================================================

Loading device for application Rf_Device from file '3s100e.nph' in environment C:\Xilinx92i.

=========================================================================
Advanced HDL Synthesis Report

Macro Statistics
# ROMs                                                 : 1
 16x7-bit ROM                                          : 1
# Adders/Subtractors                                   : 6
 3-bit adder                                           : 3
 4-bit adder                                           : 3
# Counters                                             : 4
 3-bit up counter                                      : 1
 32-bit up counter                                     : 2
 4-bit up counter                                      : 1
# Registers                                            : 19
 Flip-Flops                                            : 19
# Latches                                              : 5
 1-bit latch                                           : 1
 4-bit latch                                           : 3
 7-bit latch                                           : 1

=========================================================================

=========================================================================
*                         Low Level Synthesis                           *
=========================================================================

Optimizing unit <principal> ...

Mapping all equations...
Building and optimizing final netlist ...
Found area constraint ratio of 100 (+ 5) on block principal, actual ratio is 13.

Final Macro Processing ...

=========================================================================
Final Register Report

Macro Statistics
# Registers                                            : 90
 Flip-Flops                                            : 90

=========================================================================

=========================================================================
*                          Partition Report                             *
=========================================================================

Partition Implementation Status
-------------------------------

  No Partitions were found in this design.

-------------------------------

=========================================================================
*                            Final Report                               *
=========================================================================
Final Results
RTL Top Level Output File Name     : principal.ngr
Top Level Output File Name         : principal
Output Format                      : NGC
Optimization Goal                  : Speed
Keep Hierarchy                     : NO

Design Statistics
# IOs                              : 25

Cell Usage :
# BELS                             : 375
#      GND                         : 1
#      INV                         : 10
#      LUT1                        : 62
#      LUT2                        : 11
#      LUT2_L                      : 1
#      LUT3                        : 29
#      LUT4                        : 98
#      LUT4_D                      : 4
#      LUT4_L                      : 5
#      MUXCY                       : 78
#      MUXF5                       : 13
#      VCC                         : 1
#      XORCY                       : 62
# FlipFlops/Latches                : 110
#      FDCPE                       : 21
#      FDE                         : 2
#      FDR                         : 64
#      FDS                         : 3
#      LD                          : 19
#      LDCPE_1                     : 1
# Clock Buffers                    : 3
#      BUFG                        : 2
#      BUFGP                       : 1
# IO Buffers                       : 24
#      IBUF                        : 5
#      OBUF                        : 19
=========================================================================

Device utilization summary:
---------------------------

Selected Device : 3s100ecp132-4 

 Number of Slices:                     113  out of    960    11%  
 Number of Slice Flip Flops:           106  out of   1920     5%  
 Number of 4 input LUTs:               220  out of   1920    11%  
 Number of IOs:                         25
 Number of bonded IOBs:                 25  out of     83    30%  
    IOB Flip Flops:                      4
 Number of GCLKs:                        3  out of     24    12%  

---------------------------
Partition Resource Summary:
---------------------------

  No Partitions were found in this design.

---------------------------


=========================================================================
TIMING REPORT

NOTE: THESE TIMING NUMBERS ARE ONLY A SYNTHESIS ESTIMATE.
      FOR ACCURATE TIMING INFORMATION PLEASE REFER TO THE TRACE REPORT
      GENERATED AFTER PLACE-and-ROUTE.

Clock Information:
------------------
-----------------------------------+------------------------+-------+
Clock Signal                       | Clock buffer(FF name)  | Load  |
-----------------------------------+------------------------+-------+
clk1                               | BUFGP                  | 66    |
clk2                               | BUFG                   | 21    |
button<3>                          | IBUF+BUFG              | 1     |
an_not0001(an_not00011:O)          | NONE(*)(an_3)          | 15    |
toggle_or0000(toggle_or00001:O)    | NONE(*)(modif_0)       | 4     |
out_clk                            | NONE(cadran_2)         | 3     |
-----------------------------------+------------------------+-------+
(*) These 2 clock signal(s) are generated by combinatorial logic,
and XST is not able to identify which are the primary clock signals.
Please use the CLOCK_SIGNAL constraint to specify the clock signal(s) generated by combinatorial logic.
INFO:Xst:2169 - HDL ADVISOR - Some clock signals were not automatically buffered by XST with BUFG/BUFR resources. Please use the buffer_type constraint in order to insert these buffers to the clock signals to help prevent skew problems.

Asynchronous Control Signals Information:
----------------------------------------
-------------------------------------+------------------------+-------+
Control Signal                       | Buffer(FF name)        | Load  |
-------------------------------------+------------------------+-------+
dsec_0_and0000(dsec_0_and00001:O)    | NONE(dsec_0)           | 1     |
dsec_0_and0001(dsec_0_and00011:O)    | NONE(dsec_0)           | 1     |
dhour_0_and0000(dhour_0_and00001:O)  | NONE(dhour_0)          | 1     |
dhour_0_and0001(dhour_0_and00013:O)  | NONE(dhour_0)          | 1     |
usec_3_and0000(usec_3_and00001:O)    | NONE(usec_3)           | 1     |
usec_3_and0001(usec_3_and00011:O)    | NONE(usec_3)           | 1     |
uhour_1__and0000(uhour_1__and00002:O)| NONE(uhour_1)          | 1     |
uhour_1__and0001(uhour_1__and00011:O)| NONE(uhour_1)          | 1     |
dmin_0_and0000(dmin_0_and00002:O)    | NONE(dmin_0)           | 1     |
dmin_0_and0001(dmin_0_and00011:O)    | NONE(dmin_0)           | 1     |
dsec_2_and0000(dsec_2_and00001:O)    | NONE(dsec_2)           | 1     |
dsec_2_and0001(dsec_2_and00011:O)    | NONE(dsec_2)           | 1     |
usec_2_and0000(usec_2_and00001:O)    | NONE(usec_2)           | 1     |
usec_2_and0001(usec_2_and00011:O)    | NONE(usec_2)           | 1     |
usec_1_and0000(usec_1_and00001:O)    | NONE(usec_1)           | 1     |
usec_1_and0001(usec_1_and00011:O)    | NONE(usec_1)           | 1     |
dmin_1_and0000(dmin_1_and00001:O)    | NONE(dmin_1)           | 1     |
dmin_1_and0001(dmin_1_and00011:O)    | NONE(dmin_1)           | 1     |
dmin_2_and0000(dmin_2_and00001:O)    | NONE(dmin_2)           | 1     |
dmin_2_and0001(dmin_2_and00011:O)    | NONE(dmin_2)           | 1     |
uhour_2__and0000(uhour_2__and00001:O)| NONE(uhour_2)          | 1     |
uhour_2__and0001(uhour_2__and00011:O)| NONE(uhour_2)          | 1     |
umin_3_and0000(umin_3_and00001:O)    | NONE(umin_3)           | 1     |
umin_3_and0001(umin_3_and00011:O)    | NONE(umin_3)           | 1     |
umin_0_and0000(umin_0_and00002:O)    | NONE(umin_0)           | 1     |
umin_0_and0001(umin_0_and00011:O)    | NONE(umin_0)           | 1     |
dsec_1_and0000(dsec_1_and00001:O)    | NONE(dsec_1)           | 1     |
dsec_1_and0001(dsec_1_and00011:O)    | NONE(dsec_1)           | 1     |
umin_1_and0000(umin_1_and00001:O)    | NONE(umin_1)           | 1     |
umin_1_and0001(umin_1_and00011:O)    | NONE(umin_1)           | 1     |
usec_0_and0000(usec_0_and00001:O)    | NONE(usec_0)           | 1     |
usec_0_and0001(usec_0_and00011:O)    | NONE(usec_0)           | 1     |
uhour_3__and0000(uhour_3__and00002:O)| NONE(uhour_3)          | 1     |
uhour_3__and0001(uhour_3__and00011:O)| NONE(uhour_3)          | 1     |
dhour_2_and0000(dhour_2_and00001:O)  | NONE(dhour_2)          | 1     |
dhour_2_and0001(dhour_2_and00011:O)  | NONE(dhour_2)          | 1     |
dhour_1_and0000(dhour_1_and00001:O)  | NONE(dhour_1)          | 1     |
dhour_1_and0001(dhour_1_and00011:O)  | NONE(dhour_1)          | 1     |
umin_2_and0000(umin_2_and00001:O)    | NONE(umin_2)           | 1     |
umin_2_and0001(umin_2_and00011:O)    | NONE(umin_2)           | 1     |
uhour_0__and0000(uhour_0__and00001:O)| NONE(uhour_0)          | 1     |
uhour_0__and0001(uhour_0__and00011:O)| NONE(uhour_0)          | 1     |
toggle(toggle:Q)                     | NONE(toggle)           | 1     |
toggle_or0000(toggle_or00001:O)      | NONE(toggle)           | 1     |
-------------------------------------+------------------------+-------+

Timing Summary:
---------------
Speed Grade: -4

   Minimum period: 5.732ns (Maximum Frequency: 174.459MHz)
   Minimum input arrival time before clock: 7.857ns
   Maximum output required time after clock: 6.337ns
   Maximum combinational path delay: No path found

Timing Detail:
--------------
All values displayed in nanoseconds (ns)

=========================================================================
Timing constraint: Default period analysis for Clock 'clk1'
  Clock period: 5.240ns (frequency: 190.857MHz)
  Total number of paths / destination ports: 3170 / 132
-------------------------------------------------------------------------
Delay:               5.240ns (Levels of Logic = 9)
  Source:            count2_7 (FF)
  Destination:       count2_0 (FF)
  Source Clock:      clk1 rising
  Destination Clock: clk1 rising

  Data Path: count2_7 to count2_0
                                Gate     Net
    Cell:in->out      fanout   Delay   Delay  Logical Name (Net Name)
    ----------------------------------------  ------------
     FDR:C->Q              2   0.591   0.622  count2_7 (count2_7)
     LUT4:I0->O            1   0.704   0.000  out_clk_cmp_eq0000_wg_lut<0> (N8)
     MUXCY:S->O            1   0.464   0.000  out_clk_cmp_eq0000_wg_cy<0> (out_clk_cmp_eq0000_wg_cy<0>)
     MUXCY:CI->O           1   0.059   0.000  out_clk_cmp_eq0000_wg_cy<1> (out_clk_cmp_eq0000_wg_cy<1>)
     MUXCY:CI->O           1   0.059   0.000  out_clk_cmp_eq0000_wg_cy<2> (out_clk_cmp_eq0000_wg_cy<2>)
     MUXCY:CI->O           1   0.059   0.000  out_clk_cmp_eq0000_wg_cy<3> (out_clk_cmp_eq0000_wg_cy<3>)
     MUXCY:CI->O           1   0.059   0.000  out_clk_cmp_eq0000_wg_cy<4> (out_clk_cmp_eq0000_wg_cy<4>)
     MUXCY:CI->O           1   0.059   0.000  out_clk_cmp_eq0000_wg_cy<5> (out_clk_cmp_eq0000_wg_cy<5>)
     MUXCY:CI->O           1   0.059   0.000  out_clk_cmp_eq0000_wg_cy<6> (out_clk_cmp_eq0000_wg_cy<6>)
     MUXCY:CI->O          33   0.331   1.263  out_clk_cmp_eq0000_wg_cy<7> (out_clk_cmp_eq0000)
     FDS:S                     0.911          count2_0
    ----------------------------------------
    Total                      5.240ns (3.355ns logic, 1.885ns route)
                                       (64.0% logic, 36.0% route)

=========================================================================
Timing constraint: Default period analysis for Clock 'clk2'
  Clock period: 5.732ns (frequency: 174.459MHz)
  Total number of paths / destination ports: 267 / 38
-------------------------------------------------------------------------
Delay:               5.732ns (Levels of Logic = 3)
  Source:            umin_0 (FF)
  Destination:       uhour_3 (FF)
  Source Clock:      clk2 rising
  Destination Clock: clk2 rising

  Data Path: umin_0 to uhour_3
                                Gate     Net
    Cell:in->out      fanout   Delay   Delay  Logical Name (Net Name)
    ----------------------------------------  ------------
     FDCPE:C->Q           11   0.591   1.012  umin_0 (umin_0)
     LUT2:I1->O            1   0.704   0.424  dhour_2_and00022_SW0_SW0 (N372)
     LUT4_D:I3->O          2   0.704   0.451  dhour_2_and00022 (N17)
     LUT4:I3->O            4   0.704   0.587  uhour_and00011 (uhour_and0001)
     FDCPE:CE                  0.555          uhour_3
    ----------------------------------------
    Total                      5.732ns (3.258ns logic, 2.474ns route)
                                       (56.8% logic, 43.2% route)

=========================================================================
Timing constraint: Default period analysis for Clock 'an_not0001'
  Clock period: 3.184ns (frequency: 314.070MHz)
  Total number of paths / destination ports: 48 / 7
-------------------------------------------------------------------------
Delay:               3.184ns (Levels of Logic = 2)
  Source:            hex_3 (LATCH)
  Destination:       led_2 (LATCH)
  Source Clock:      an_not0001 falling
  Destination Clock: an_not0001 falling

  Data Path: hex_3 to led_2
                                Gate     Net
    Cell:in->out      fanout   Delay   Delay  Logical Name (Net Name)
    ----------------------------------------  ------------
     LD:G->Q              14   0.676   1.175  hex_3 (hex_3)
     LUT4:I0->O            1   0.704   0.000  led_mux0004<5>_F (N390)
     MUXF5:I0->O           1   0.321   0.000  led_mux0004<5> (led_mux0004<5>)
     LD:D                      0.308          led_5
    ----------------------------------------
    Total                      3.184ns (2.009ns logic, 1.175ns route)
                                       (63.1% logic, 36.9% route)

=========================================================================
Timing constraint: Default period analysis for Clock 'out_clk'
  Clock period: 3.980ns (frequency: 251.256MHz)
  Total number of paths / destination ports: 15 / 6
-------------------------------------------------------------------------
Delay:               3.980ns (Levels of Logic = 1)
  Source:            cadran_1 (FF)
  Destination:       cadran_0 (FF)
  Source Clock:      out_clk rising
  Destination Clock: out_clk rising

  Data Path: cadran_1 to cadran_0
                                Gate     Net
    Cell:in->out      fanout   Delay   Delay  Logical Name (Net Name)
    ----------------------------------------  ------------
     FDR:C->Q             18   0.591   1.243  cadran_1 (cadran_1)
     LUT3:I0->O            3   0.704   0.531  hex_mux0007<0>33 (cadran_cmp_eq0000)
     FDS:S                     0.911          cadran_0
    ----------------------------------------
    Total                      3.980ns (2.206ns logic, 1.774ns route)
                                       (55.4% logic, 44.6% route)

=========================================================================
Timing constraint: Default OFFSET IN BEFORE for Clock 'clk2'
  Total number of paths / destination ports: 24 / 24
-------------------------------------------------------------------------
Offset:              7.857ns (Levels of Logic = 5)
  Source:            mode (PAD)
  Destination:       dhour_2 (FF)
  Destination Clock: clk2 rising

  Data Path: mode to dhour_2
                                Gate     Net
    Cell:in->out      fanout   Delay   Delay  Logical Name (Net Name)
    ----------------------------------------  ------------
     IBUF:I->O            49   1.218   1.443  mode_IBUF (mode_IBUF)
     LUT2:I0->O            1   0.704   0.595  dhour_2_and0002231 (dhour_2_and0002_map9)
     LUT4_L:I0->LO         1   0.704   0.104  dhour_2_and000240 (dhour_2_and0002_map15)
     LUT4:I3->O            1   0.704   0.595  dhour_2_and0002310_SW0 (N374)
     LUT3:I0->O            3   0.704   0.531  dhour_2_and000260 (dhour_2_and0002)
     FDCPE:CE                  0.555          dhour_2
    ----------------------------------------
    Total                      7.857ns (4.589ns logic, 3.268ns route)
                                       (58.4% logic, 41.6% route)

=========================================================================
Timing constraint: Default OFFSET IN BEFORE for Clock 'button<3>'
  Total number of paths / destination ports: 3 / 1
-------------------------------------------------------------------------
Offset:              3.603ns (Levels of Logic = 2)
  Source:            button<2> (PAD)
  Destination:       toggle (LATCH)
  Destination Clock: button<3> rising

  Data Path: button<2> to toggle
                                Gate     Net
    Cell:in->out      fanout   Delay   Delay  Logical Name (Net Name)
    ----------------------------------------  ------------
     IBUF:I->O             3   1.218   0.706  button_2_IBUF (button_2_IBUF)
     LUT3:I0->O            1   0.704   0.420  toggle_0_not00001 (toggle_0_not0000)
     LDCPE_1:GE                0.555          toggle
    ----------------------------------------
    Total                      3.603ns (2.477ns logic, 1.126ns route)
                                       (68.7% logic, 31.3% route)

=========================================================================
Timing constraint: Default OFFSET IN BEFORE for Clock 'an_not0001'
  Total number of paths / destination ports: 20 / 4
-------------------------------------------------------------------------
Offset:              6.467ns (Levels of Logic = 5)
  Source:            mode (PAD)
  Destination:       hex_0 (LATCH)
  Destination Clock: an_not0001 falling

  Data Path: mode to hex_0
                                Gate     Net
    Cell:in->out      fanout   Delay   Delay  Logical Name (Net Name)
    ----------------------------------------  ------------
     IBUF:I->O            49   1.218   1.303  mode_IBUF (mode_IBUF)
     LUT3:I2->O            3   0.704   0.610  hex_mux0007<0>21 (N12)
     LUT4:I1->O            1   0.704   0.595  hex_mux0007<2>85 (hex_mux0007<2>_map21)
     LUT3:I0->O            1   0.704   0.000  hex_mux0007<2>1052 (N403)
     MUXF5:I0->O           1   0.321   0.000  hex_mux0007<2>105_f5 (hex_mux0007<2>)
     LD:D                      0.308          hex_2
    ----------------------------------------
    Total                      6.467ns (3.959ns logic, 2.508ns route)
                                       (61.2% logic, 38.8% route)

=========================================================================
Timing constraint: Default OFFSET IN BEFORE for Clock 'toggle_or0000'
  Total number of paths / destination ports: 4 / 4
-------------------------------------------------------------------------
Offset:              2.057ns (Levels of Logic = 1)
  Source:            button<0> (PAD)
  Destination:       modif_0 (LATCH)
  Destination Clock: toggle_or0000 falling

  Data Path: button<0> to modif_0
                                Gate     Net
    Cell:in->out      fanout   Delay   Delay  Logical Name (Net Name)
    ----------------------------------------  ------------
     IBUF:I->O             3   1.218   0.531  button_0_IBUF (button_0_IBUF)
     LD:D                      0.308          modif_0
    ----------------------------------------
    Total                      2.057ns (1.526ns logic, 0.531ns route)
                                       (74.2% logic, 25.8% route)

=========================================================================
Timing constraint: Default OFFSET OUT AFTER for Clock 'an_not0001'
  Total number of paths / destination ports: 11 / 11
-------------------------------------------------------------------------
Offset:              4.368ns (Levels of Logic = 1)
  Source:            an_3 (LATCH)
  Destination:       an<3> (PAD)
  Source Clock:      an_not0001 falling

  Data Path: an_3 to an<3>
                                Gate     Net
    Cell:in->out      fanout   Delay   Delay  Logical Name (Net Name)
    ----------------------------------------  ------------
     LD:G->Q               1   0.676   0.420  an_3 (an_3)
     OBUF:I->O                 3.272          an_3_OBUF (an<3>)
    ----------------------------------------
    Total                      4.368ns (3.948ns logic, 0.420ns route)
                                       (90.4% logic, 9.6% route)

=========================================================================
Timing constraint: Default OFFSET OUT AFTER for Clock 'button<3>'
  Total number of paths / destination ports: 1 / 1
-------------------------------------------------------------------------
Offset:              6.337ns (Levels of Logic = 2)
  Source:            toggle (LATCH)
  Destination:       bin<4> (PAD)
  Source Clock:      button<3> rising

  Data Path: toggle to bin<4>
                                Gate     Net
    Cell:in->out      fanout   Delay   Delay  Logical Name (Net Name)
    ----------------------------------------  ------------
     LDCPE_1:G->Q         40   0.676   1.265  toggle (toggle)
     INV:I->O              1   0.704   0.420  test_led_4_not00001_INV_0 (bin_4_OBUF)
     OBUF:I->O                 3.272          bin_4_OBUF (bin<4>)
    ----------------------------------------
    Total                      6.337ns (4.652ns logic, 1.685ns route)
                                       (73.4% logic, 26.6% route)

=========================================================================
Timing constraint: Default OFFSET OUT AFTER for Clock 'clk2'
  Total number of paths / destination ports: 4 / 4
-------------------------------------------------------------------------
Offset:              4.683ns (Levels of Logic = 1)
  Source:            usec_0 (FF)
  Destination:       bin<0> (PAD)
  Source Clock:      clk2 rising

  Data Path: usec_0 to bin<0>
                                Gate     Net
    Cell:in->out      fanout   Delay   Delay  Logical Name (Net Name)
    ----------------------------------------  ------------
     FDCPE:C->Q            9   0.591   0.820  usec_0 (usec_0)
     OBUF:I->O                 3.272          bin_0_OBUF (bin<0>)
    ----------------------------------------
    Total                      4.683ns (3.863ns logic, 0.820ns route)
                                       (82.5% logic, 17.5% route)

=========================================================================
CPU : 4.15 / 4.26 s | Elapsed : 4.00 / 4.00 s
 
--> 

Total memory usage is 169996 kilobytes

Number of errors   :    0 (   0 filtered)
Number of warnings :    9 (   0 filtered)
Number of infos    :    5 (   0 filtered)

