V3 3
FL /home/cyrille/projetS4/clock_vhdl/principal.vhd 2016/03/02.23:52:29 P.20131013
EN work/principal 1456959157 FL /home/cyrille/projetS4/clock_vhdl/principal.vhd \
      PB ieee/std_logic_1164 1381692176 PB ieee/std_logic_arith 1381692177 \
      PB ieee/STD_LOGIC_UNSIGNED 1381692179
AR work/principal/Behavioral 1456959158 \
      FL /home/cyrille/projetS4/clock_vhdl/principal.vhd EN work/principal 1456959157
