V3 4
FL /home/cyrille/projetS4/clock_vhdl/principal.vhd 2016/03/02.23:52:29 J.36
FL C:/Users/alain/Desktop/ECE/ING2/Electronique/vhdl/git/principal.vhd 2016/03/15.22:00:12 J.36
EN work/principal 1458075616 \
      FL C:/Users/alain/Desktop/ECE/ING2/Electronique/vhdl/git/principal.vhd \
      PB ieee/std_logic_1164 1381692176 PB ieee/std_logic_arith 1381692177 \
      PB ieee/STD_LOGIC_UNSIGNED 1381692179
AR work/principal/Behavioral 1458075617 \
      FL C:/Users/alain/Desktop/ECE/ING2/Electronique/vhdl/git/principal.vhd \
      EN work/principal 1458075616
