V3 3
FL C:/Users/alain/Desktop/ECE/ING2/Electronique/vhdl/clock_vhdl/TP2/TP2.vhd 2016/03/02.19:39:18 J.36
EN work/TP2 1456943965 \
      FL C:/Users/alain/Desktop/ECE/ING2/Electronique/vhdl/clock_vhdl/TP2/TP2.vhd \
      PB ieee/std_logic_1164 1177545575 PB ieee/std_logic_arith 1177545576 \
      PB ieee/STD_LOGIC_UNSIGNED 1177545583
AR work/TP2/Behavioral 1456943966 \
      FL C:/Users/alain/Desktop/ECE/ING2/Electronique/vhdl/clock_vhdl/TP2/TP2.vhd \
      EN work/TP2 1456943965
